// Jest Snapshot v1, https://goo.gl/fbAQLP

exports[`Search snapshot test 1`] = `
<Link
  activeClassName=""
  activeOnlyWhenExact={false}
  activeStyle={Object {}}
  className=""
  isActive={[Function]}
  replace={false}
  style={Object {}}
  to="/details/tt1856010"
>
  <div
    className="show-card"
  >
    <img
      src="/public/img/posters/hoc.jpg"
    />
    <h3>
      House of Cards
    </h3>
    <h4>
      (
      2013â€“
      )
    </h4>
    <p>
      A Congressman works with his equally conniving wife to exact revenge on the people who betrayed him.
    </p>
  </div>
</Link>
`;
